// Jest Snapshot v1, https://goo.gl/fbAQLP

exports[`ProductTitle componente correctamente  1`] = `
<div
  className="productCard undefined"
>
  <h1>
    Product Card
  </h1>
  <span>
    0
  </span>
  <button
    onClick={[Function]}
  >
    +1
  </button>
</div>
`;
